// Jest Snapshot v1, https://goo.gl/fbAQLP

exports[`Link renders as expected 1`] = `
<a
  href="www.google.com"
>
  Example Value
</a>
`;
