// Jest Snapshot v1, https://goo.gl/fbAQLP

exports[`Button renders as expected 1`] = `
<div
  className="sc-AxjAm jVUdXZ"
  color="red"
>
  <button
    onClick={[Function]}
  >
    Example
  </button>
</div>
`;
