// Jest Snapshot v1, https://goo.gl/fbAQLP

exports[`List renders as expected 1`] = `
<ul
  className="sc-AxjAm eFaybh"
>
  <li
    className="sc-AxiKw jdKcko"
  >
    <a
      href="test1"
    >
      test1
    </a>
    <div
      className="sc-AxirZ jsCLat"
    >
      <button
        onClick={[Function]}
      >
        like
      </button>
    </div>
  </li>
  <li
    className="sc-AxiKw jdKcko"
  >
    <a
      href="test2"
    >
      test2
    </a>
    <div
      className="sc-AxirZ jsCLat"
    >
      <button
        onClick={[Function]}
      >
        like
      </button>
    </div>
  </li>
  <li
    className="sc-AxiKw jdKcko"
  >
    <a
      href="test11"
    >
      test11
    </a>
    <div
      className="sc-AxirZ jsCLat"
    >
      <button
        onClick={[Function]}
      >
        like
      </button>
    </div>
  </li>
</ul>
`;
