// Jest Snapshot v1, https://goo.gl/fbAQLP

exports[`Input renders as expected 1`] = `
<div
  className="sc-AxjAm jnspPx"
>
  <input
    onChange={[Function]}
    value="Example Value"
  />
</div>
`;
