// Jest Snapshot v1, https://goo.gl/fbAQLP

exports[`GitHubRepos renders as expected 1`] = `
<div
  className="sc-AxjAm jFTkVl"
>
   
  <p>
    Here are github repos
  </p>
</div>
`;
